
> exam@0.1.0 build
> next build

  Γû▓ Next.js 14.2.32
  - Environments: .env.local
  - Experiments (use with caution):
    ┬╖ instrumentationHook

   Creating an optimized production build ...
